Extracting legacy UI/music/lighting from universe 8805231520, place 124843214013484
Traceback (most recent call last):
  File "/home/runner/work/ACC-Roblox-maps/ACC-Roblox-maps/tools/legacy-extract/extract.py", line 26, in request
    return urllib.request.urlopen(req, timeout=120)
           ^^^^^^^^^^^^^^^^^^^^^^^^^^^^^^^^^^^^^^^^
  File "/opt/hostedtoolcache/Python/3.12.13/x64/lib/python3.12/urllib/request.py", line 215, in urlopen
    return opener.open(url, data, timeout)
           ^^^^^^^^^^^^^^^^^^^^^^^^^^^^^^^
  File "/opt/hostedtoolcache/Python/3.12.13/x64/lib/python3.12/urllib/request.py", line 521, in open
    response = meth(req, response)
               ^^^^^^^^^^^^^^^^^^^
  File "/opt/hostedtoolcache/Python/3.12.13/x64/lib/python3.12/urllib/request.py", line 630, in http_response
    response = self.parent.error(
               ^^^^^^^^^^^^^^^^^^
  File "/opt/hostedtoolcache/Python/3.12.13/x64/lib/python3.12/urllib/request.py", line 559, in error
    return self._call_chain(*args)
           ^^^^^^^^^^^^^^^^^^^^^^^
  File "/opt/hostedtoolcache/Python/3.12.13/x64/lib/python3.12/urllib/request.py", line 492, in _call_chain
    result = func(*args)
             ^^^^^^^^^^^
  File "/opt/hostedtoolcache/Python/3.12.13/x64/lib/python3.12/urllib/request.py", line 639, in http_error_default
    raise HTTPError(req.full_url, code, msg, hdrs, fp)
urllib.error.HTTPError: HTTP Error 403: Forbidden

The above exception was the direct cause of the following exception:

Traceback (most recent call last):
  File "/home/runner/work/ACC-Roblox-maps/ACC-Roblox-maps/tools/legacy-extract/extract.py", line 135, in <module>
    main()
  File "/home/runner/work/ACC-Roblox-maps/ACC-Roblox-maps/tools/legacy-extract/extract.py", line 84, in main
    task = create_task(script_source)
           ^^^^^^^^^^^^^^^^^^^^^^^^^^
  File "/home/runner/work/ACC-Roblox-maps/ACC-Roblox-maps/tools/legacy-extract/extract.py", line 37, in create_task
    with request(
         ^^^^^^^^
  File "/home/runner/work/ACC-Roblox-maps/ACC-Roblox-maps/tools/legacy-extract/extract.py", line 29, in request
    raise RuntimeError(f"HTTP {exc.code} for {url}: {body}") from exc
RuntimeError: HTTP 403 for https://apis.roblox.com/cloud/v2/universes/8805231520/places/124843214013484/luau-execution-session-tasks: {"code":"PERMISSION_DENIED","message":"The required scope \u003Cuniverse.place.luau-execution-session:8805231520:write\u003E is missing."}
